材料数: 8253  端点: ['provenance']
输出目录: /Users/north./Documents/JXNU/code/self_study/21-mp-download/props
[provenance] batch  待取 2100/8253  fields=28
/Users/north./anaconda3/envs/north/lib/python3.10/site-packages/emmet/core/provenance.py:137: UserWarning: Not all sites have property magmom. Missing values are set to None.
  entry[k] = Structure.from_sites(
/Users/north./anaconda3/envs/north/lib/python3.10/site-packages/emmet/core/provenance.py:137: UserWarning: Not all sites have property charge. Missing values are set to None.
  entry[k] = Structure.from_sites(
/Users/north./anaconda3/envs/north/lib/python3.10/site-packages/emmet/core/provenance.py:137: UserWarning: Not all sites have property velocities. Missing values are set to None.
  entry[k] = Structure.from_sites(
/Users/north./anaconda3/envs/north/lib/python3.10/site-packages/emmet/core/provenance.py:137: UserWarning: Not all sites have property selective_dynamics. Missing values are set to None.
  entry[k] = Structure.from_sites(
/Users/north./anaconda3/envs/north/lib/python3.10/site-packages/emmet/core/provenance.py:137: UserWarning: Not all sites have property coordination_no. Missing values are set to None.
  entry[k] = Structure.from_sites(
/Users/north./anaconda3/envs/north/lib/python3.10/site-packages/emmet/core/provenance.py:137: UserWarning: Not all sites have property forces. Missing values are set to None.
  entry[k] = Structure.from_sites(
[provenance] chunk 1 search 失败: ValidationError: 1 validation error for MPDataDoc
database_IDs.pauling.[key]
  Value error, 'pauling' is not a valid Database [type=value
[provenance] chunk 2 search 失败: ValidationError: 1 validation error for MPDataDoc
database_IDs.pauling.[key]
  Value error, 'pauling' is not a valid Database [type=value
[provenance] chunk 3 search 失败: ValidationError: 1 validation error for MPDataDoc
database_IDs.pauling.[key]
  Value error, 'pauling' is not a valid Database [type=value
[provenance] chunk 4 search 失败: ValidationError: 1 validation error for MPDataDoc
database_IDs.pauling.[key]
  Value error, 'pauling' is not a valid Database [type=value
[provenance] chunk 5 search 失败: ValidationError: 1 validation error for MPDataDoc
database_IDs.pauling.[key]
  Value error, 'pauling' is not a valid Database [type=value
[provenance] chunk 6 search 失败: ValidationError: 1 validation error for MPDataDoc
database_IDs.pauling.[key]
  Value error, 'pauling' is not a valid Database [type=value
[provenance] chunk 7 search 失败: ValidationError: 1 validation error for MPDataDoc
database_IDs.pauling.[key]
  Value error, 'pauling' is not a valid Database [type=value
[provenance] chunk 8 search 失败: ValidationError: 1 validation error for MPDataDoc
database_IDs.pauling.[key]
  Value error, 'pauling' is not a valid Database [type=value
[provenance] chunk 9 search 失败: ValidationError: 1 validation error for MPDataDoc
database_IDs.pauling.[key]
  Value error, 'pauling' is not a valid Database [type=value
[provenance] chunk 10 search 失败: ValidationError: 1 validation error for MPDataDoc
database_IDs.pauling.[key]
  Value error, 'pauling' is not a valid Database [type=value
[provenance] chunk 11 search 失败: ValidationError: 1 validation error for MPDataDoc
database_IDs.pauling.[key]
  Value error, 'pauling' is not a valid Database [type=value
[provenance] chunk 12 search 失败: ValidationError: 1 validation error for MPDataDoc
database_IDs.pauling.[key]
  Value error, 'pauling' is not a valid Database [type=value
[provenance] chunk 13 search 失败: ValidationError: 1 validation error for MPDataDoc
database_IDs.pauling.[key]
  Value error, 'pauling' is not a valid Database [type=value
[provenance] chunk 14 search 失败: ValidationError: 1 validation error for MPDataDoc
database_IDs.pauling.[key]
  Value error, 'pauling' is not a valid Database [type=value
[provenance] chunk 15 search 失败: ValidationError: 1 validation error for MPDataDoc
database_IDs.pauling.[key]
  Value error, 'pauling' is not a valid Database [type=value
[provenance] chunk 16 search 失败: ValidationError: 1 validation error for MPDataDoc
database_IDs.pauling.[key]
  Value error, 'pauling' is not a valid Database [type=value
[provenance] chunk 17 search 失败: ValidationError: 1 validation error for MPDataDoc
database_IDs.pauling.[key]
  Value error, 'pauling' is not a valid Database [type=value
[provenance] chunk 18 search 失败: ValidationError: 1 validation error for MPDataDoc
database_IDs.pauling.[key]
  Value error, 'pauling' is not a valid Database [type=value
[provenance] chunk 19 search 失败: ValidationError: 1 validation error for MPDataDoc
database_IDs.pauling.[key]
  Value error, 'pauling' is not a valid Database [type=value
[provenance] chunk 20 search 失败: ValidationError: 1 validation error for MPDataDoc
database_IDs.pauling.[key]
  Value error, 'pauling' is not a valid Database [type=value
[provenance] chunk 21 search 失败: ValidationError: 1 validation error for MPDataDoc
database_IDs.pauling.[key]
  Value error, 'pauling' is not a valid Database [type=value
[provenance] 耗时 24s
索引已写入: props/index.csv  (8253 行)
--- 各端点状态统计 ---
  provenance             ok=6144 empty=9 err=2100
DONE
